// Jest Snapshot v1, https://goo.gl/fbAQLP

exports[`rend correctement 1`] = `
<input
  className="input"
  onChange={[Function]}
  onKeyDown={[Function]}
  placeholder="Enter todo"
  type="text"
  value=""
/>
`;
